sonal@Sonali MINGW64 /d/codebase (main)
$ ll
total 0

sonal@Sonali MINGW64 /d/codebase (main)
$ git clone git@github.com:maliprakashdatta/java-example.git
Cloning into 'java-example'...
remote: Enumerating objects: 4, done.
remote: Counting objects: 100% (4/4), done.
remote: Compressing objects: 100% (3/3), done.
remote: Total 4 (delta 0), reused 0 (delta 0), pack-reused 0
Receiving objects: 100% (4/4), done.

sonal@Sonali MINGW64 /d/codebase (main)
$ ll
total 0
drwxr-xr-x 1 sonal 197610 0 Mar 25 23:31 java-example/

sonal@Sonali MINGW64 /d/codebase (main)
$ cd java-example/

sonal@Sonali MINGW64 /d/codebase/java-example (main)
$ git status
On branch main
Your branch is up to date with 'origin/main'.

nothing to commit, working tree clean

sonal@Sonali MINGW64 /d/codebase/java-example (main)
$ git status
On branch main
Your branch is up to date with 'origin/main'.

Untracked files:
  (use "git add <file>..." to include in what will be committed)
        hello world.txt

nothing added to commit but untracked files present (use "git add" to track)

sonal@Sonali MINGW64 /d/codebase/java-example (main)
$ git add .

sonal@Sonali MINGW64 /d/codebase/java-example (main)
$ git commit -m "hello world add"
[main 797e414] hello world add
 1 file changed, 1 insertion(+)
 create mode 100644 hello world.txt

sonal@Sonali MINGW64 /d/codebase/java-example (main)
$ git push
Enumerating objects: 4, done.
Counting objects: 100% (4/4), done.
Delta compression using up to 8 threads
Compressing objects: 100% (2/2), done.
Writing objects: 100% (3/3), 338 bytes | 338.00 KiB/s, done.
Total 3 (delta 0), reused 0 (delta 0), pack-reused 0 (from 0)

To github.com:maliprakashdatta/java-example.git
   8c15b77..797e414  main -> main

sonal@Sonali MINGW64 /d/codebase/java-example (main)
$
